// Jest Snapshot v1, https://goo.gl/fbAQLP

exports[`Login login correctly 1`] = `
<section
  className="h-full"
>
  <div
    className="w-h-full flex-col-center"
  >
    <article>
      <img
        alt="로고"
        className="w-[5.7rem] h-[6.7rem]"
        src="logo.svg"
      />
    </article>
    <article
      className="flex-row-center border-base w-[39rem] h-[23.5rem] min-h-[23.5rem] shadow-sign-up px-20 my-10"
    >
      <form
        className="flex-col-center justify-center w-h-full"
        onSubmit={[Function]}
      >
        <div
          className="border-solid border-[0.6px] border-gray-border w-full flex flex-col justify-around rounded-xl shadow-sign-up-info mb-[1rem]"
        >
          <span
            className="w-full h-[4.5rem] flex-row-center border-solid border-b border-gray-border"
          >
            <label
              className="w-h-full flex-row-center"
            >
              <span
                className="w-1/6 h-full flex-row-center text-3xl "
              >
                <svg
                  className="fill-gray-light"
                  fill="currentColor"
                  height="1em"
                  stroke="currentColor"
                  strokeWidth="0"
                  style={
                    Object {
                      "color": undefined,
                    }
                  }
                  viewBox="0 0 24 24"
                  width="1em"
                  xmlns="http://www.w3.org/2000/svg"
                >
                  <path
                    d="M0 0h24v24H0V0z"
                    fill="none"
                  />
                  <path
                    d="M20 4H4c-1.1 0-1.99.9-1.99 2L2 18c0 1.1.9 2 2 2h16c1.1 0 2-.9 2-2V6c0-1.1-.9-2-2-2zm0 14H4V8l8 5 8-5v10zm-8-7L4 6h16l-8 5z"
                  />
                </svg>
              </span>
              <input
                className="w-5/6 h-full text-xl rounded-xl"
                maxLength={30}
                onChange={[Function]}
                placeholder="이메일"
                required={true}
                type="email"
                value=""
              />
            </label>
          </span>
          <span
            className="w-full h-[4.5rem] flex-row-center"
          >
            <label
              className="w-h-full flex-row-center"
            >
              <span
                className="w-1/6 h-full flex-row-center text-3xl"
              >
                <svg
                  className="fill-gray-light"
                  fill="currentColor"
                  height="1em"
                  stroke="currentColor"
                  strokeWidth="0"
                  style={
                    Object {
                      "color": undefined,
                    }
                  }
                  viewBox="0 0 1024 1024"
                  width="1em"
                  xmlns="http://www.w3.org/2000/svg"
                >
                  <path
                    d="M832 464h-68V240c0-70.7-57.3-128-128-128H388c-70.7 0-128 57.3-128 128v224h-68c-17.7 0-32 14.3-32 32v384c0 17.7 14.3 32 32 32h640c17.7 0 32-14.3 32-32V496c0-17.7-14.3-32-32-32zM332 240c0-30.9 25.1-56 56-56h248c30.9 0 56 25.1 56 56v224H332V240zm460 600H232V536h560v304zM484 701v53c0 4.4 3.6 8 8 8h40c4.4 0 8-3.6 8-8v-53a48.01 48.01 0 1 0-56 0z"
                  />
                </svg>
              </span>
              <span
                className="w-5/6 h-full flex"
              >
                <input
                  className="w-h-full text-xl rounded-xl "
                  maxLength={15}
                  onChange={[Function]}
                  placeholder="비밀번호"
                  required={true}
                  type="password"
                  value=""
                />
              </span>
            </label>
          </span>
        </div>
        <button
          className="flex-row-center rounded-md w-[29rem] h-12 mt-10 py-7 font-bold text-xl bg-orange text-white"
        >
          로그인
        </button>
      </form>
    </article>
    <article
      className="w-[39rem] flex-col-center text-xl font-bold"
    >
      <nav
        className="flex-row-center w-full border-solid border-b border-gray-spring pb-7 mb-5"
      >
        <a
          className="w-[46%] text-right"
          href="/pwinquiry"
          onClick={[Function]}
        >
          <button>
            비밀번호 찾기
          </button>
        </a>
        <div
          className="w-[8%] text-center"
        >
          <span
            className=""
          >
            |
          </span>
        </div>
        <a
          className="w-[46%]"
          href="/signup"
          onClick={[Function]}
        >
          <button>
            회원가입
          </button>
        </a>
      </nav>
      <div
        className="flex-col-center w-full"
      >
        <span
          className="mb-7 text-xl font-bold"
        >
          간편 로그인
        </span>
        <div
          className="w-3/5 flex-row-center justify-evenly"
        >
          <button
            onClick={[Function]}
          >
            <img
              alt="google"
              className="w-14"
              src="google.svg"
            />
          </button>
          <button>
            <img
              alt="kakao"
              className="w-14"
              src="kakao.svg"
            />
          </button>
        </div>
      </div>
    </article>
  </div>
</section>
`;
